---
http_interactions:
- request:
    method: get
    uri: http://omdbapi.com/?apikey=apikey&t=90081
    body:
      encoding: US-ASCII
      string: ''
    headers:
      Accept-Encoding:
      - gzip;q=1.0,deflate;q=0.6,identity;q=0.3
      Accept:
      - "*/*"
      User-Agent:
      - Ruby
  response:
    status:
      code: 200
      message: OK
    headers:
      Date:
      - Fri, 13 Aug 2021 10:47:21 GMT
      Content-Type:
      - application/json; charset=utf-8
      Content-Length:
      - '47'
      Connection:
      - keep-alive
      Cache-Control:
      - public, max-age=3600
      Expires:
      - Fri, 13 Aug 2021 11:47:21 GMT
      Last-Modified:
      - Fri, 13 Aug 2021 10:47:21 GMT
      Vary:
      - "*"
      X-Aspnet-Version:
      - 4.0.30319
      X-Powered-By:
      - ASP.NET
      Access-Control-Allow-Origin:
      - "*"
      Cf-Cache-Status:
      - DYNAMIC
      Server:
      - cloudflare
      Cf-Ray:
      - 67e15d65d857f2c8-WAW
    body:
      encoding: UTF-8
      string: '{"Response":"False","Error":"Movie not found!"}'
  recorded_at: Mon, 03 Aug 2020 10:00:00 GMT
- request:
    method: get
    uri: http://omdbapi.com/?apikey=apikey&t=90081
    body:
      encoding: US-ASCII
      string: ''
    headers:
      Accept-Encoding:
      - gzip;q=1.0,deflate;q=0.6,identity;q=0.3
      Accept:
      - "*/*"
      User-Agent:
      - Ruby
  response:
    status:
      code: 200
      message: OK
    headers:
      Date:
      - Fri, 13 Aug 2021 11:27:01 GMT
      Content-Type:
      - application/json; charset=utf-8
      Content-Length:
      - '47'
      Connection:
      - keep-alive
      Cache-Control:
      - public, max-age=3600
      Expires:
      - Fri, 13 Aug 2021 12:27:01 GMT
      Last-Modified:
      - Fri, 13 Aug 2021 11:27:01 GMT
      Vary:
      - "*"
      X-Aspnet-Version:
      - 4.0.30319
      X-Powered-By:
      - ASP.NET
      Access-Control-Allow-Origin:
      - "*"
      Cf-Cache-Status:
      - DYNAMIC
      Server:
      - cloudflare
      Cf-Ray:
      - 67e1977efce5504e-WAW
    body:
      encoding: UTF-8
      string: '{"Response":"False","Error":"Movie not found!"}'
  recorded_at: Mon, 03 Aug 2020 10:00:00 GMT
- request:
    method: get
    uri: http://omdbapi.com/?apikey=apikey&t=90081
    body:
      encoding: US-ASCII
      string: ''
    headers:
      Accept-Encoding:
      - gzip;q=1.0,deflate;q=0.6,identity;q=0.3
      Accept:
      - "*/*"
      User-Agent:
      - Ruby
  response:
    status:
      code: 200
      message: OK
    headers:
      Date:
      - Fri, 13 Aug 2021 11:27:32 GMT
      Content-Type:
      - application/json; charset=utf-8
      Content-Length:
      - '47'
      Connection:
      - keep-alive
      Cache-Control:
      - public, max-age=3600
      Expires:
      - Fri, 13 Aug 2021 12:27:32 GMT
      Last-Modified:
      - Fri, 13 Aug 2021 11:27:32 GMT
      Vary:
      - "*"
      X-Aspnet-Version:
      - 4.0.30319
      X-Powered-By:
      - ASP.NET
      Access-Control-Allow-Origin:
      - "*"
      Cf-Cache-Status:
      - DYNAMIC
      Server:
      - cloudflare
      Cf-Ray:
      - 67e19842fe500037-WAW
    body:
      encoding: UTF-8
      string: '{"Response":"False","Error":"Movie not found!"}'
  recorded_at: Mon, 03 Aug 2020 10:00:00 GMT
- request:
    method: get
    uri: http://omdbapi.com/?apikey=apikey&t=90081
    body:
      encoding: US-ASCII
      string: ''
    headers:
      Accept-Encoding:
      - gzip;q=1.0,deflate;q=0.6,identity;q=0.3
      Accept:
      - "*/*"
      User-Agent:
      - Ruby
  response:
    status:
      code: 200
      message: OK
    headers:
      Date:
      - Fri, 13 Aug 2021 11:28:20 GMT
      Content-Type:
      - application/json; charset=utf-8
      Content-Length:
      - '47'
      Connection:
      - keep-alive
      Cache-Control:
      - public, max-age=3600
      Expires:
      - Fri, 13 Aug 2021 12:28:20 GMT
      Last-Modified:
      - Fri, 13 Aug 2021 11:28:20 GMT
      Vary:
      - "*"
      X-Aspnet-Version:
      - 4.0.30319
      X-Powered-By:
      - ASP.NET
      Access-Control-Allow-Origin:
      - "*"
      Cf-Cache-Status:
      - DYNAMIC
      Server:
      - cloudflare
      Cf-Ray:
      - 67e19970eb6f5018-WAW
    body:
      encoding: UTF-8
      string: '{"Response":"False","Error":"Movie not found!"}'
  recorded_at: Mon, 03 Aug 2020 10:00:00 GMT
- request:
    method: get
    uri: http://omdbapi.com/?apikey=apikey&t=90081
    body:
      encoding: US-ASCII
      string: ''
    headers:
      Accept-Encoding:
      - gzip;q=1.0,deflate;q=0.6,identity;q=0.3
      Accept:
      - "*/*"
      User-Agent:
      - Ruby
  response:
    status:
      code: 200
      message: OK
    headers:
      Date:
      - Fri, 13 Aug 2021 11:28:33 GMT
      Content-Type:
      - application/json; charset=utf-8
      Content-Length:
      - '47'
      Connection:
      - keep-alive
      Cache-Control:
      - public, max-age=3587
      Expires:
      - Fri, 13 Aug 2021 12:28:20 GMT
      Last-Modified:
      - Fri, 13 Aug 2021 11:28:20 GMT
      Vary:
      - "*"
      X-Aspnet-Version:
      - 4.0.30319
      X-Powered-By:
      - ASP.NET
      Access-Control-Allow-Origin:
      - "*"
      Cf-Cache-Status:
      - DYNAMIC
      Server:
      - cloudflare
      Cf-Ray:
      - 67e199bdfb2dcc9b-WAW
    body:
      encoding: UTF-8
      string: '{"Response":"False","Error":"Movie not found!"}'
  recorded_at: Mon, 03 Aug 2020 10:00:00 GMT
- request:
    method: get
    uri: http://omdbapi.com/?apikey=apikey&t=90081
    body:
      encoding: US-ASCII
      string: ''
    headers:
      Accept-Encoding:
      - gzip;q=1.0,deflate;q=0.6,identity;q=0.3
      Accept:
      - "*/*"
      User-Agent:
      - Ruby
  response:
    status:
      code: 200
      message: OK
    headers:
      Date:
      - Fri, 13 Aug 2021 11:30:35 GMT
      Content-Type:
      - application/json; charset=utf-8
      Content-Length:
      - '47'
      Connection:
      - keep-alive
      Cache-Control:
      - public, max-age=3417
      Expires:
      - Fri, 13 Aug 2021 12:27:32 GMT
      Last-Modified:
      - Fri, 13 Aug 2021 11:27:32 GMT
      Vary:
      - "*"
      X-Aspnet-Version:
      - 4.0.30319
      X-Powered-By:
      - ASP.NET
      Access-Control-Allow-Origin:
      - "*"
      Cf-Cache-Status:
      - DYNAMIC
      Server:
      - cloudflare
      Cf-Ray:
      - 67e19cb74c4b500d-WAW
    body:
      encoding: UTF-8
      string: '{"Response":"False","Error":"Movie not found!"}'
  recorded_at: Mon, 03 Aug 2020 10:00:00 GMT
- request:
    method: get
    uri: http://omdbapi.com/?apikey=apikey&t=90081
    body:
      encoding: US-ASCII
      string: ''
    headers:
      Accept-Encoding:
      - gzip;q=1.0,deflate;q=0.6,identity;q=0.3
      Accept:
      - "*/*"
      User-Agent:
      - Ruby
  response:
    status:
      code: 200
      message: OK
    headers:
      Date:
      - Fri, 13 Aug 2021 11:30:43 GMT
      Content-Type:
      - application/json; charset=utf-8
      Content-Length:
      - '47'
      Connection:
      - keep-alive
      Cache-Control:
      - public, max-age=3600
      Expires:
      - Fri, 13 Aug 2021 12:30:43 GMT
      Last-Modified:
      - Fri, 13 Aug 2021 11:30:43 GMT
      Vary:
      - "*"
      X-Aspnet-Version:
      - 4.0.30319
      X-Powered-By:
      - ASP.NET
      Access-Control-Allow-Origin:
      - "*"
      Cf-Cache-Status:
      - DYNAMIC
      Server:
      - cloudflare
      Cf-Ray:
      - 67e19cebfeeb501e-WAW
    body:
      encoding: UTF-8
      string: '{"Response":"False","Error":"Movie not found!"}'
  recorded_at: Mon, 03 Aug 2020 10:00:00 GMT
- request:
    method: get
    uri: http://omdbapi.com/?apikey=apikey&t=90081
    body:
      encoding: US-ASCII
      string: ''
    headers:
      Accept-Encoding:
      - gzip;q=1.0,deflate;q=0.6,identity;q=0.3
      Accept:
      - "*/*"
      User-Agent:
      - Ruby
  response:
    status:
      code: 200
      message: OK
    headers:
      Date:
      - Fri, 13 Aug 2021 13:09:14 GMT
      Content-Type:
      - application/json; charset=utf-8
      Content-Length:
      - '47'
      Connection:
      - keep-alive
      Cache-Control:
      - public, max-age=3600
      Expires:
      - Fri, 13 Aug 2021 14:09:14 GMT
      Last-Modified:
      - Fri, 13 Aug 2021 13:09:14 GMT
      Vary:
      - "*"
      X-Aspnet-Version:
      - 4.0.30319
      X-Powered-By:
      - ASP.NET
      Access-Control-Allow-Origin:
      - "*"
      Cf-Cache-Status:
      - DYNAMIC
      Server:
      - cloudflare
      Cf-Ray:
      - 67e22d3b6c1df2c0-WAW
    body:
      encoding: UTF-8
      string: '{"Response":"False","Error":"Movie not found!"}'
  recorded_at: Mon, 03 Aug 2020 10:00:00 GMT
- request:
    method: get
    uri: http://omdbapi.com/?apikey=apikey&t=90081
    body:
      encoding: US-ASCII
      string: ''
    headers:
      Accept-Encoding:
      - gzip;q=1.0,deflate;q=0.6,identity;q=0.3
      Accept:
      - "*/*"
      User-Agent:
      - Ruby
  response:
    status:
      code: 200
      message: OK
    headers:
      Date:
      - Fri, 13 Aug 2021 13:19:27 GMT
      Content-Type:
      - application/json; charset=utf-8
      Content-Length:
      - '47'
      Connection:
      - keep-alive
      Cache-Control:
      - public, max-age=3600
      Expires:
      - Fri, 13 Aug 2021 14:19:26 GMT
      Last-Modified:
      - Fri, 13 Aug 2021 13:19:26 GMT
      Vary:
      - "*"
      X-Aspnet-Version:
      - 4.0.30319
      X-Powered-By:
      - ASP.NET
      Access-Control-Allow-Origin:
      - "*"
      Cf-Cache-Status:
      - DYNAMIC
      Server:
      - cloudflare
      Cf-Ray:
      - 67e23c30283fffc0-WAW
    body:
      encoding: UTF-8
      string: '{"Response":"False","Error":"Movie not found!"}'
  recorded_at: Mon, 03 Aug 2020 10:00:00 GMT
- request:
    method: get
    uri: http://omdbapi.com/?apikey=apikey&t=90081
    body:
      encoding: US-ASCII
      string: ''
    headers:
      Accept-Encoding:
      - gzip;q=1.0,deflate;q=0.6,identity;q=0.3
      Accept:
      - "*/*"
      User-Agent:
      - Ruby
  response:
    status:
      code: 200
      message: OK
    headers:
      Date:
      - Fri, 13 Aug 2021 13:22:18 GMT
      Content-Type:
      - application/json; charset=utf-8
      Content-Length:
      - '47'
      Connection:
      - keep-alive
      Cache-Control:
      - public, max-age=3600
      Expires:
      - Fri, 13 Aug 2021 14:22:18 GMT
      Last-Modified:
      - Fri, 13 Aug 2021 13:22:18 GMT
      Vary:
      - "*"
      X-Aspnet-Version:
      - 4.0.30319
      X-Powered-By:
      - ASP.NET
      Access-Control-Allow-Origin:
      - "*"
      Cf-Cache-Status:
      - DYNAMIC
      Server:
      - cloudflare
      Cf-Ray:
      - 67e2405ed92a0016-WAW
    body:
      encoding: UTF-8
      string: '{"Response":"False","Error":"Movie not found!"}'
  recorded_at: Mon, 03 Aug 2020 10:00:00 GMT
- request:
    method: get
    uri: http://omdbapi.com/?apikey=apikey&t=90081
    body:
      encoding: US-ASCII
      string: ''
    headers:
      Accept-Encoding:
      - gzip;q=1.0,deflate;q=0.6,identity;q=0.3
      Accept:
      - "*/*"
      User-Agent:
      - Ruby
  response:
    status:
      code: 200
      message: OK
    headers:
      Date:
      - Fri, 13 Aug 2021 13:37:50 GMT
      Content-Type:
      - application/json; charset=utf-8
      Content-Length:
      - '47'
      Connection:
      - keep-alive
      Cache-Control:
      - public, max-age=2496
      Expires:
      - Fri, 13 Aug 2021 14:19:26 GMT
      Last-Modified:
      - Fri, 13 Aug 2021 13:19:26 GMT
      Vary:
      - "*"
      X-Aspnet-Version:
      - 4.0.30319
      X-Powered-By:
      - ASP.NET
      Access-Control-Allow-Origin:
      - "*"
      Cf-Cache-Status:
      - DYNAMIC
      Server:
      - cloudflare
      Cf-Ray:
      - 67e2571f8b415049-WAW
    body:
      encoding: UTF-8
      string: '{"Response":"False","Error":"Movie not found!"}'
  recorded_at: Mon, 03 Aug 2020 10:00:00 GMT
- request:
    method: get
    uri: http://omdbapi.com/?apikey=apikey&t=90081
    body:
      encoding: US-ASCII
      string: ''
    headers:
      Accept-Encoding:
      - gzip;q=1.0,deflate;q=0.6,identity;q=0.3
      Accept:
      - "*/*"
      User-Agent:
      - Ruby
  response:
    status:
      code: 200
      message: OK
    headers:
      Date:
      - Fri, 13 Aug 2021 13:41:15 GMT
      Content-Type:
      - application/json; charset=utf-8
      Content-Length:
      - '47'
      Connection:
      - keep-alive
      Cache-Control:
      - public, max-age=2463
      Expires:
      - Fri, 13 Aug 2021 14:22:18 GMT
      Last-Modified:
      - Fri, 13 Aug 2021 13:22:18 GMT
      Vary:
      - "*"
      X-Aspnet-Version:
      - 4.0.30319
      X-Powered-By:
      - ASP.NET
      Access-Control-Allow-Origin:
      - "*"
      Cf-Cache-Status:
      - DYNAMIC
      Server:
      - cloudflare
      Cf-Ray:
      - 67e25c20ddc60009-WAW
    body:
      encoding: UTF-8
      string: '{"Response":"False","Error":"Movie not found!"}'
  recorded_at: Mon, 03 Aug 2020 10:00:00 GMT
- request:
    method: get
    uri: http://omdbapi.com/?apikey=apikey&t=90081
    body:
      encoding: US-ASCII
      string: ''
    headers:
      Accept-Encoding:
      - gzip;q=1.0,deflate;q=0.6,identity;q=0.3
      Accept:
      - "*/*"
      User-Agent:
      - Ruby
  response:
    status:
      code: 200
      message: OK
    headers:
      Date:
      - Fri, 13 Aug 2021 15:17:56 GMT
      Content-Type:
      - application/json; charset=utf-8
      Content-Length:
      - '47'
      Connection:
      - keep-alive
      Cache-Control:
      - public, max-age=3600
      Expires:
      - Fri, 13 Aug 2021 16:17:55 GMT
      Last-Modified:
      - Fri, 13 Aug 2021 15:17:55 GMT
      Vary:
      - "*"
      X-Aspnet-Version:
      - 4.0.30319
      X-Powered-By:
      - ASP.NET
      Access-Control-Allow-Origin:
      - "*"
      Cf-Cache-Status:
      - DYNAMIC
      Server:
      - cloudflare
      Cf-Ray:
      - 67e2e9bf6d3af294-WAW
    body:
      encoding: UTF-8
      string: '{"Response":"False","Error":"Movie not found!"}'
  recorded_at: Mon, 03 Aug 2020 10:00:00 GMT
- request:
    method: get
    uri: http://omdbapi.com/?apikey=apikey&t=90081
    body:
      encoding: US-ASCII
      string: ''
    headers:
      Accept-Encoding:
      - gzip;q=1.0,deflate;q=0.6,identity;q=0.3
      Accept:
      - "*/*"
      User-Agent:
      - Ruby
  response:
    status:
      code: 200
      message: OK
    headers:
      Date:
      - Fri, 13 Aug 2021 15:18:46 GMT
      Content-Type:
      - application/json; charset=utf-8
      Content-Length:
      - '47'
      Connection:
      - keep-alive
      Cache-Control:
      - public, max-age=3549
      Expires:
      - Fri, 13 Aug 2021 16:17:55 GMT
      Last-Modified:
      - Fri, 13 Aug 2021 15:17:55 GMT
      Vary:
      - "*"
      X-Aspnet-Version:
      - 4.0.30319
      X-Powered-By:
      - ASP.NET
      Access-Control-Allow-Origin:
      - "*"
      Cf-Cache-Status:
      - DYNAMIC
      Server:
      - cloudflare
      Cf-Ray:
      - 67e2eaf8fc191630-WAW
    body:
      encoding: UTF-8
      string: '{"Response":"False","Error":"Movie not found!"}'
  recorded_at: Mon, 03 Aug 2020 10:00:00 GMT
- request:
    method: get
    uri: http://omdbapi.com/?apikey=apikey&t=90081
    body:
      encoding: US-ASCII
      string: ''
    headers:
      Accept-Encoding:
      - gzip;q=1.0,deflate;q=0.6,identity;q=0.3
      Accept:
      - "*/*"
      User-Agent:
      - Ruby
  response:
    status:
      code: 200
      message: OK
    headers:
      Date:
      - Mon, 16 Aug 2021 11:59:42 GMT
      Content-Type:
      - application/json; charset=utf-8
      Content-Length:
      - '47'
      Connection:
      - keep-alive
      Cache-Control:
      - public, max-age=3600
      Expires:
      - Mon, 16 Aug 2021 12:59:42 GMT
      Last-Modified:
      - Mon, 16 Aug 2021 11:59:42 GMT
      Vary:
      - "*"
      X-Aspnet-Version:
      - 4.0.30319
      X-Powered-By:
      - ASP.NET
      Access-Control-Allow-Origin:
      - "*"
      Cf-Cache-Status:
      - DYNAMIC
      Server:
      - cloudflare
      Cf-Ray:
      - 67fa7f7fde05cc7f-WAW
    body:
      encoding: UTF-8
      string: '{"Response":"False","Error":"Movie not found!"}'
  recorded_at: Mon, 03 Aug 2020 10:00:00 GMT
- request:
    method: get
    uri: http://omdbapi.com/?apikey=apikey&t=90081
    body:
      encoding: US-ASCII
      string: ''
    headers:
      Accept-Encoding:
      - gzip;q=1.0,deflate;q=0.6,identity;q=0.3
      Accept:
      - "*/*"
      User-Agent:
      - Ruby
  response:
    status:
      code: 200
      message: OK
    headers:
      Date:
      - Fri, 27 Aug 2021 12:41:19 GMT
      Content-Type:
      - application/json; charset=utf-8
      Content-Length:
      - '47'
      Connection:
      - keep-alive
      Cache-Control:
      - public, max-age=3600
      Expires:
      - Fri, 27 Aug 2021 13:41:18 GMT
      Last-Modified:
      - Fri, 27 Aug 2021 12:41:18 GMT
      Vary:
      - "*"
      X-Aspnet-Version:
      - 4.0.30319
      X-Powered-By:
      - ASP.NET
      Access-Control-Allow-Origin:
      - "*"
      Cf-Cache-Status:
      - DYNAMIC
      Server:
      - cloudflare
      Cf-Ray:
      - 68555f93cb555024-WAW
    body:
      encoding: UTF-8
      string: '{"Response":"False","Error":"Movie not found!"}'
  recorded_at: Mon, 03 Aug 2020 10:00:00 GMT
- request:
    method: get
    uri: http://omdbapi.com/?apikey=apikey&t=90081
    body:
      encoding: US-ASCII
      string: ''
    headers:
      Accept-Encoding:
      - gzip;q=1.0,deflate;q=0.6,identity;q=0.3
      Accept:
      - "*/*"
      User-Agent:
      - Ruby
  response:
    status:
      code: 200
      message: OK
    headers:
      Date:
      - Fri, 27 Aug 2021 12:43:12 GMT
      Content-Type:
      - application/json; charset=utf-8
      Content-Length:
      - '47'
      Connection:
      - keep-alive
      Cache-Control:
      - public, max-age=3600
      Expires:
      - Fri, 27 Aug 2021 13:43:12 GMT
      Last-Modified:
      - Fri, 27 Aug 2021 12:43:12 GMT
      Vary:
      - "*"
      X-Aspnet-Version:
      - 4.0.30319
      X-Powered-By:
      - ASP.NET
      Access-Control-Allow-Origin:
      - "*"
      Cf-Cache-Status:
      - DYNAMIC
      Server:
      - cloudflare
      Cf-Ray:
      - 6855625c2910ffd0-WAW
    body:
      encoding: UTF-8
      string: '{"Response":"False","Error":"Movie not found!"}'
  recorded_at: Mon, 03 Aug 2020 10:00:00 GMT
- request:
    method: get
    uri: http://omdbapi.com/?apikey=apikey&t=90081
    body:
      encoding: US-ASCII
      string: ''
    headers:
      Accept-Encoding:
      - gzip;q=1.0,deflate;q=0.6,identity;q=0.3
      Accept:
      - "*/*"
      User-Agent:
      - Ruby
  response:
    status:
      code: 200
      message: OK
    headers:
      Date:
      - Fri, 27 Aug 2021 12:54:08 GMT
      Content-Type:
      - application/json; charset=utf-8
      Content-Length:
      - '47'
      Connection:
      - keep-alive
      Cache-Control:
      - public, max-age=3600
      Expires:
      - Fri, 27 Aug 2021 13:54:08 GMT
      Last-Modified:
      - Fri, 27 Aug 2021 12:54:08 GMT
      Vary:
      - "*"
      X-Aspnet-Version:
      - 4.0.30319
      X-Powered-By:
      - ASP.NET
      Access-Control-Allow-Origin:
      - "*"
      Cf-Cache-Status:
      - DYNAMIC
      Server:
      - cloudflare
      Cf-Ray:
      - 6855725cccdb5012-WAW
    body:
      encoding: UTF-8
      string: '{"Response":"False","Error":"Movie not found!"}'
  recorded_at: Mon, 03 Aug 2020 10:00:00 GMT
- request:
    method: get
    uri: http://omdbapi.com/?apikey=apikey&t=90081
    body:
      encoding: US-ASCII
      string: ''
    headers:
      Accept-Encoding:
      - gzip;q=1.0,deflate;q=0.6,identity;q=0.3
      Accept:
      - "*/*"
      User-Agent:
      - Ruby
  response:
    status:
      code: 200
      message: OK
    headers:
      Date:
      - Fri, 27 Aug 2021 12:54:53 GMT
      Content-Type:
      - application/json; charset=utf-8
      Content-Length:
      - '47'
      Connection:
      - keep-alive
      Cache-Control:
      - public, max-age=2785
      Expires:
      - Fri, 27 Aug 2021 13:41:18 GMT
      Last-Modified:
      - Fri, 27 Aug 2021 12:41:18 GMT
      Vary:
      - "*"
      X-Aspnet-Version:
      - 4.0.30319
      X-Powered-By:
      - ASP.NET
      Access-Control-Allow-Origin:
      - "*"
      Cf-Cache-Status:
      - DYNAMIC
      Server:
      - cloudflare
      Cf-Ray:
      - 685573765a75f2cc-WAW
    body:
      encoding: UTF-8
      string: '{"Response":"False","Error":"Movie not found!"}'
  recorded_at: Mon, 03 Aug 2020 10:00:00 GMT
- request:
    method: get
    uri: http://omdbapi.com/?apikey=apikey&t=90081
    body:
      encoding: US-ASCII
      string: ''
    headers:
      Accept-Encoding:
      - gzip;q=1.0,deflate;q=0.6,identity;q=0.3
      Accept:
      - "*/*"
      User-Agent:
      - Ruby
  response:
    status:
      code: 200
      message: OK
    headers:
      Date:
      - Fri, 27 Aug 2021 12:57:14 GMT
      Content-Type:
      - application/json; charset=utf-8
      Content-Length:
      - '47'
      Connection:
      - keep-alive
      Cache-Control:
      - public, max-age=3600
      Expires:
      - Fri, 27 Aug 2021 13:57:14 GMT
      Last-Modified:
      - Fri, 27 Aug 2021 12:57:14 GMT
      Vary:
      - "*"
      X-Aspnet-Version:
      - 4.0.30319
      X-Powered-By:
      - ASP.NET
      Access-Control-Allow-Origin:
      - "*"
      Cf-Cache-Status:
      - DYNAMIC
      Server:
      - cloudflare
      Cf-Ray:
      - 685576e6abf45049-WAW
    body:
      encoding: UTF-8
      string: '{"Response":"False","Error":"Movie not found!"}'
  recorded_at: Mon, 03 Aug 2020 10:00:00 GMT
- request:
    method: get
    uri: http://omdbapi.com/?apikey=apikey&t=90081
    body:
      encoding: US-ASCII
      string: ''
    headers:
      Accept-Encoding:
      - gzip;q=1.0,deflate;q=0.6,identity;q=0.3
      Accept:
      - "*/*"
      User-Agent:
      - Ruby
  response:
    status:
      code: 200
      message: OK
    headers:
      Date:
      - Fri, 10 Sep 2021 08:23:32 GMT
      Content-Type:
      - application/json; charset=utf-8
      Content-Length:
      - '47'
      Connection:
      - keep-alive
      Cache-Control:
      - public, max-age=3600
      Expires:
      - Fri, 10 Sep 2021 09:23:32 GMT
      Last-Modified:
      - Fri, 10 Sep 2021 08:23:32 GMT
      Vary:
      - "*"
      X-Aspnet-Version:
      - 4.0.30319
      X-Powered-By:
      - ASP.NET
      Access-Control-Allow-Origin:
      - "*"
      Cf-Cache-Status:
      - DYNAMIC
      Server:
      - cloudflare
      Cf-Ray:
      - 68c741394e145048-WAW
    body:
      encoding: UTF-8
      string: '{"Response":"False","Error":"Movie not found!"}'
  recorded_at: Fri, 10 Sep 2021 08:23:32 GMT
- request:
    method: get
    uri: http://omdbapi.com/?apikey=apikey&t=90081
    body:
      encoding: US-ASCII
      string: ''
    headers:
      Accept-Encoding:
      - gzip;q=1.0,deflate;q=0.6,identity;q=0.3
      Accept:
      - "*/*"
      User-Agent:
      - Ruby
  response:
    status:
      code: 200
      message: OK
    headers:
      Date:
      - Fri, 10 Sep 2021 08:24:07 GMT
      Content-Type:
      - application/json; charset=utf-8
      Content-Length:
      - '47'
      Connection:
      - keep-alive
      Cache-Control:
      - public, max-age=3600
      Expires:
      - Fri, 10 Sep 2021 09:24:07 GMT
      Last-Modified:
      - Fri, 10 Sep 2021 08:24:07 GMT
      Vary:
      - "*"
      X-Aspnet-Version:
      - 4.0.30319
      X-Powered-By:
      - ASP.NET
      Access-Control-Allow-Origin:
      - "*"
      Cf-Cache-Status:
      - DYNAMIC
      Server:
      - cloudflare
      Cf-Ray:
      - 68c742177f1b5007-WAW
    body:
      encoding: UTF-8
      string: '{"Response":"False","Error":"Movie not found!"}'
  recorded_at: Fri, 10 Sep 2021 08:24:07 GMT
- request:
    method: get
    uri: http://omdbapi.com/?apikey=apikey&t=90081
    body:
      encoding: US-ASCII
      string: ''
    headers:
      Accept-Encoding:
      - gzip;q=1.0,deflate;q=0.6,identity;q=0.3
      Accept:
      - "*/*"
      User-Agent:
      - Ruby
  response:
    status:
      code: 200
      message: OK
    headers:
      Date:
      - Fri, 10 Sep 2021 08:29:12 GMT
      Content-Type:
      - application/json; charset=utf-8
      Content-Length:
      - '47'
      Connection:
      - keep-alive
      Cache-Control:
      - public, max-age=3295
      Expires:
      - Fri, 10 Sep 2021 09:24:07 GMT
      Last-Modified:
      - Fri, 10 Sep 2021 08:24:07 GMT
      Vary:
      - "*"
      X-Aspnet-Version:
      - 4.0.30319
      X-Powered-By:
      - ASP.NET
      Access-Control-Allow-Origin:
      - "*"
      Cf-Cache-Status:
      - DYNAMIC
      Server:
      - cloudflare
      Cf-Ray:
      - 68c7498449bcffb8-WAW
    body:
      encoding: UTF-8
      string: '{"Response":"False","Error":"Movie not found!"}'
  recorded_at: Fri, 10 Sep 2021 08:29:12 GMT
- request:
    method: get
    uri: http://omdbapi.com/?apikey=apikey&t=90081
    body:
      encoding: US-ASCII
      string: ''
    headers:
      Accept-Encoding:
      - gzip;q=1.0,deflate;q=0.6,identity;q=0.3
      Accept:
      - "*/*"
      User-Agent:
      - Ruby
  response:
    status:
      code: 200
      message: OK
    headers:
      Date:
      - Fri, 10 Sep 2021 08:37:20 GMT
      Content-Type:
      - application/json; charset=utf-8
      Content-Length:
      - '47'
      Connection:
      - keep-alive
      Cache-Control:
      - public, max-age=3600
      Expires:
      - Fri, 10 Sep 2021 09:37:20 GMT
      Last-Modified:
      - Fri, 10 Sep 2021 08:37:20 GMT
      Vary:
      - "*"
      X-Aspnet-Version:
      - 4.0.30319
      X-Powered-By:
      - ASP.NET
      Access-Control-Allow-Origin:
      - "*"
      Cf-Cache-Status:
      - DYNAMIC
      Server:
      - cloudflare
      Cf-Ray:
      - 68c755743cfd504e-WAW
    body:
      encoding: UTF-8
      string: '{"Response":"False","Error":"Movie not found!"}'
  recorded_at: Mon, 03 Aug 2020 10:00:00 GMT
- request:
    method: get
    uri: http://omdbapi.com/?apikey=apikey&t=90081
    body:
      encoding: US-ASCII
      string: ''
    headers:
      Accept-Encoding:
      - gzip;q=1.0,deflate;q=0.6,identity;q=0.3
      Accept:
      - "*/*"
      User-Agent:
      - Ruby
  response:
    status:
      code: 200
      message: OK
    headers:
      Date:
      - Fri, 10 Sep 2021 08:38:01 GMT
      Content-Type:
      - application/json; charset=utf-8
      Content-Length:
      - '47'
      Connection:
      - keep-alive
      Cache-Control:
      - public, max-age=2730
      Expires:
      - Fri, 10 Sep 2021 09:23:32 GMT
      Last-Modified:
      - Fri, 10 Sep 2021 08:23:32 GMT
      Vary:
      - "*"
      X-Aspnet-Version:
      - 4.0.30319
      X-Powered-By:
      - ASP.NET
      Access-Control-Allow-Origin:
      - "*"
      Cf-Cache-Status:
      - DYNAMIC
      Server:
      - cloudflare
      Cf-Ray:
      - 68c756739fcd0017-WAW
    body:
      encoding: UTF-8
      string: '{"Response":"False","Error":"Movie not found!"}'
  recorded_at: Mon, 03 Aug 2020 10:00:00 GMT
- request:
    method: get
    uri: http://omdbapi.com/?apikey=apikey&t=90081
    body:
      encoding: US-ASCII
      string: ''
    headers:
      Accept-Encoding:
      - gzip;q=1.0,deflate;q=0.6,identity;q=0.3
      Accept:
      - "*/*"
      User-Agent:
      - Ruby
  response:
    status:
      code: 200
      message: OK
    headers:
      Date:
      - Thu, 14 Oct 2021 07:10:57 GMT
      Content-Type:
      - application/json; charset=utf-8
      Content-Length:
      - '47'
      Connection:
      - keep-alive
      Cache-Control:
      - public, max-age=3600
      Expires:
      - Thu, 14 Oct 2021 08:10:56 GMT
      Last-Modified:
      - Thu, 14 Oct 2021 07:10:56 GMT
      Vary:
      - "*"
      X-Aspnet-Version:
      - 4.0.30319
      X-Powered-By:
      - ASP.NET
      Access-Control-Allow-Origin:
      - "*"
      Cf-Cache-Status:
      - DYNAMIC
      Server:
      - cloudflare
      Cf-Ray:
      - 69defda4ef4d003c-WAW
    body:
      encoding: UTF-8
      string: '{"Response":"False","Error":"Movie not found!"}'
  recorded_at: Mon, 03 Aug 2020 10:00:00 GMT
- request:
    method: get
    uri: http://omdbapi.com/?apikey=apikey&t=90081
    body:
      encoding: US-ASCII
      string: ''
    headers:
      Accept-Encoding:
      - gzip;q=1.0,deflate;q=0.6,identity;q=0.3
      Accept:
      - "*/*"
      User-Agent:
      - Ruby
  response:
    status:
      code: 200
      message: OK
    headers:
      Date:
      - Thu, 14 Oct 2021 07:10:58 GMT
      Content-Type:
      - application/json; charset=utf-8
      Content-Length:
      - '47'
      Connection:
      - keep-alive
      Cache-Control:
      - public, max-age=3598
      Expires:
      - Thu, 14 Oct 2021 08:10:56 GMT
      Last-Modified:
      - Thu, 14 Oct 2021 07:10:56 GMT
      Vary:
      - "*"
      X-Aspnet-Version:
      - 4.0.30319
      X-Powered-By:
      - ASP.NET
      Access-Control-Allow-Origin:
      - "*"
      Cf-Cache-Status:
      - DYNAMIC
      Server:
      - cloudflare
      Cf-Ray:
      - 69defdab1df40046-WAW
    body:
      encoding: UTF-8
      string: '{"Response":"False","Error":"Movie not found!"}'
  recorded_at: Mon, 03 Aug 2020 10:00:00 GMT
- request:
    method: get
    uri: http://omdbapi.com/?apikey=apikey&t=90081
    body:
      encoding: US-ASCII
      string: ''
    headers:
      Accept-Encoding:
      - gzip;q=1.0,deflate;q=0.6,identity;q=0.3
      Accept:
      - "*/*"
      User-Agent:
      - Ruby
  response:
    status:
      code: 200
      message: OK
    headers:
      Date:
      - Thu, 14 Oct 2021 12:18:49 GMT
      Content-Type:
      - application/json; charset=utf-8
      Content-Length:
      - '47'
      Connection:
      - keep-alive
      Cache-Control:
      - public, max-age=3600
      Expires:
      - Thu, 14 Oct 2021 13:18:49 GMT
      Last-Modified:
      - Thu, 14 Oct 2021 12:18:49 GMT
      Vary:
      - "*"
      X-Aspnet-Version:
      - 4.0.30319
      X-Powered-By:
      - ASP.NET
      Access-Control-Allow-Origin:
      - "*"
      Cf-Cache-Status:
      - DYNAMIC
      Server:
      - cloudflare
      Cf-Ray:
      - 69e0c0a2cc0c5012-WAW
    body:
      encoding: UTF-8
      string: '{"Response":"False","Error":"Movie not found!"}'
  recorded_at: Mon, 03 Aug 2020 10:00:00 GMT
- request:
    method: get
    uri: http://omdbapi.com/?apikey=apikey&t=90081
    body:
      encoding: US-ASCII
      string: ''
    headers:
      Accept-Encoding:
      - gzip;q=1.0,deflate;q=0.6,identity;q=0.3
      Accept:
      - "*/*"
      User-Agent:
      - Ruby
  response:
    status:
      code: 200
      message: OK
    headers:
      Date:
      - Thu, 14 Oct 2021 12:18:50 GMT
      Content-Type:
      - application/json; charset=utf-8
      Content-Length:
      - '47'
      Connection:
      - keep-alive
      Cache-Control:
      - public, max-age=3600
      Expires:
      - Thu, 14 Oct 2021 13:18:50 GMT
      Last-Modified:
      - Thu, 14 Oct 2021 12:18:50 GMT
      Vary:
      - "*"
      X-Aspnet-Version:
      - 4.0.30319
      X-Powered-By:
      - ASP.NET
      Access-Control-Allow-Origin:
      - "*"
      Cf-Cache-Status:
      - DYNAMIC
      Server:
      - cloudflare
      Cf-Ray:
      - 69e0c0a89c221630-WAW
    body:
      encoding: UTF-8
      string: '{"Response":"False","Error":"Movie not found!"}'
  recorded_at: Mon, 03 Aug 2020 10:00:00 GMT
- request:
    method: get
    uri: http://omdbapi.com/?apikey=apikey&t=90081
    body:
      encoding: US-ASCII
      string: ''
    headers:
      Accept-Encoding:
      - gzip;q=1.0,deflate;q=0.6,identity;q=0.3
      Accept:
      - "*/*"
      User-Agent:
      - Ruby
  response:
    status:
      code: 200
      message: OK
    headers:
      Date:
      - Thu, 14 Oct 2021 12:30:00 GMT
      Content-Type:
      - application/json; charset=utf-8
      Content-Length:
      - '47'
      Connection:
      - keep-alive
      Cache-Control:
      - public, max-age=2930
      Expires:
      - Thu, 14 Oct 2021 13:18:50 GMT
      Last-Modified:
      - Thu, 14 Oct 2021 12:18:50 GMT
      Vary:
      - "*"
      X-Aspnet-Version:
      - 4.0.30319
      X-Powered-By:
      - ASP.NET
      Access-Control-Allow-Origin:
      - "*"
      Cf-Cache-Status:
      - DYNAMIC
      Server:
      - cloudflare
      Cf-Ray:
      - 69e0d100f82ef290-WAW
    body:
      encoding: UTF-8
      string: '{"Response":"False","Error":"Movie not found!"}'
  recorded_at: Mon, 03 Aug 2020 10:00:00 GMT
- request:
    method: get
    uri: http://omdbapi.com/?apikey=apikey&t=90081
    body:
      encoding: US-ASCII
      string: ''
    headers:
      Accept-Encoding:
      - gzip;q=1.0,deflate;q=0.6,identity;q=0.3
      Accept:
      - "*/*"
      User-Agent:
      - Ruby
  response:
    status:
      code: 200
      message: OK
    headers:
      Date:
      - Thu, 14 Oct 2021 12:31:55 GMT
      Content-Type:
      - application/json; charset=utf-8
      Content-Length:
      - '47'
      Connection:
      - keep-alive
      Cache-Control:
      - public, max-age=2813
      Expires:
      - Thu, 14 Oct 2021 13:18:49 GMT
      Last-Modified:
      - Thu, 14 Oct 2021 12:18:49 GMT
      Vary:
      - "*"
      X-Aspnet-Version:
      - 4.0.30319
      X-Powered-By:
      - ASP.NET
      Access-Control-Allow-Origin:
      - "*"
      Cf-Cache-Status:
      - DYNAMIC
      Server:
      - cloudflare
      Cf-Ray:
      - 69e0d3d3dd9c003c-WAW
    body:
      encoding: UTF-8
      string: '{"Response":"False","Error":"Movie not found!"}'
  recorded_at: Thu, 14 Oct 2021 12:31:55 GMT
- request:
    method: get
    uri: http://omdbapi.com/?apikey=apikey&t=90081
    body:
      encoding: US-ASCII
      string: ''
    headers:
      Accept-Encoding:
      - gzip;q=1.0,deflate;q=0.6,identity;q=0.3
      Accept:
      - "*/*"
      User-Agent:
      - Ruby
  response:
    status:
      code: 200
      message: OK
    headers:
      Date:
      - Thu, 14 Oct 2021 12:36:09 GMT
      Content-Type:
      - application/json; charset=utf-8
      Content-Length:
      - '47'
      Connection:
      - keep-alive
      Cache-Control:
      - public, max-age=3600
      Expires:
      - Thu, 14 Oct 2021 13:36:09 GMT
      Last-Modified:
      - Thu, 14 Oct 2021 12:36:09 GMT
      Vary:
      - "*"
      X-Aspnet-Version:
      - 4.0.30319
      X-Powered-By:
      - ASP.NET
      Access-Control-Allow-Origin:
      - "*"
      Cf-Cache-Status:
      - DYNAMIC
      Server:
      - cloudflare
      Cf-Ray:
      - 69e0da066d1ef2dc-WAW
    body:
      encoding: UTF-8
      string: '{"Response":"False","Error":"Movie not found!"}'
  recorded_at: Mon, 03 Aug 2020 10:00:00 GMT
- request:
    method: get
    uri: http://omdbapi.com/?apikey=apikey&t=90081
    body:
      encoding: US-ASCII
      string: ''
    headers:
      Accept-Encoding:
      - gzip;q=1.0,deflate;q=0.6,identity;q=0.3
      Accept:
      - "*/*"
      User-Agent:
      - Ruby
  response:
    status:
      code: 200
      message: OK
    headers:
      Date:
      - Thu, 14 Oct 2021 12:36:10 GMT
      Content-Type:
      - application/json; charset=utf-8
      Content-Length:
      - '47'
      Connection:
      - keep-alive
      Cache-Control:
      - public, max-age=3599
      Expires:
      - Thu, 14 Oct 2021 13:36:09 GMT
      Last-Modified:
      - Thu, 14 Oct 2021 12:36:09 GMT
      Vary:
      - "*"
      X-Aspnet-Version:
      - 4.0.30319
      X-Powered-By:
      - ASP.NET
      Access-Control-Allow-Origin:
      - "*"
      Cf-Cache-Status:
      - DYNAMIC
      Server:
      - cloudflare
      Cf-Ray:
      - 69e0da0c6c465025-WAW
    body:
      encoding: UTF-8
      string: '{"Response":"False","Error":"Movie not found!"}'
  recorded_at: Mon, 03 Aug 2020 10:00:00 GMT
- request:
    method: get
    uri: http://omdbapi.com/?apikey=apikey&t=90081
    body:
      encoding: US-ASCII
      string: ''
    headers:
      Accept-Encoding:
      - gzip;q=1.0,deflate;q=0.6,identity;q=0.3
      Accept:
      - "*/*"
      User-Agent:
      - Ruby
  response:
    status:
      code: 200
      message: OK
    headers:
      Date:
      - Thu, 14 Oct 2021 12:42:39 GMT
      Content-Type:
      - application/json; charset=utf-8
      Content-Length:
      - '47'
      Connection:
      - keep-alive
      Cache-Control:
      - public, max-age=2171
      Expires:
      - Thu, 14 Oct 2021 13:18:50 GMT
      Last-Modified:
      - Thu, 14 Oct 2021 12:18:50 GMT
      Vary:
      - "*"
      X-Aspnet-Version:
      - 4.0.30319
      X-Powered-By:
      - ASP.NET
      Access-Control-Allow-Origin:
      - "*"
      Cf-Cache-Status:
      - DYNAMIC
      Server:
      - cloudflare
      Cf-Ray:
      - 69e0e38b8f62f2d8-WAW
    body:
      encoding: UTF-8
      string: '{"Response":"False","Error":"Movie not found!"}'
  recorded_at: Mon, 03 Aug 2020 10:00:00 GMT
- request:
    method: get
    uri: http://omdbapi.com/?apikey=apikey&t=90081
    body:
      encoding: US-ASCII
      string: ''
    headers:
      Accept-Encoding:
      - gzip;q=1.0,deflate;q=0.6,identity;q=0.3
      Accept:
      - "*/*"
      User-Agent:
      - Ruby
  response:
    status:
      code: 200
      message: OK
    headers:
      Date:
      - Thu, 14 Oct 2021 12:52:43 GMT
      Content-Type:
      - application/json; charset=utf-8
      Content-Length:
      - '47'
      Connection:
      - keep-alive
      Cache-Control:
      - public, max-age=3600
      Expires:
      - Thu, 14 Oct 2021 13:52:43 GMT
      Last-Modified:
      - Thu, 14 Oct 2021 12:52:43 GMT
      Vary:
      - "*"
      X-Aspnet-Version:
      - 4.0.30319
      X-Powered-By:
      - ASP.NET
      Access-Control-Allow-Origin:
      - "*"
      Cf-Cache-Status:
      - DYNAMIC
      Server:
      - cloudflare
      Cf-Ray:
      - 69e0f24a0b56f2d8-WAW
    body:
      encoding: UTF-8
      string: '{"Response":"False","Error":"Movie not found!"}'
  recorded_at: Mon, 03 Aug 2020 10:00:00 GMT
- request:
    method: get
    uri: http://omdbapi.com/?apikey=apikey&t=90081
    body:
      encoding: US-ASCII
      string: ''
    headers:
      Accept-Encoding:
      - gzip;q=1.0,deflate;q=0.6,identity;q=0.3
      Accept:
      - "*/*"
      User-Agent:
      - Ruby
  response:
    status:
      code: 200
      message: OK
    headers:
      Date:
      - Fri, 15 Oct 2021 11:04:25 GMT
      Content-Type:
      - application/json; charset=utf-8
      Content-Length:
      - '47'
      Connection:
      - keep-alive
      Cache-Control:
      - public, max-age=3157
      Expires:
      - Fri, 15 Oct 2021 11:57:02 GMT
      Last-Modified:
      - Fri, 15 Oct 2021 10:57:02 GMT
      Vary:
      - "*"
      X-Aspnet-Version:
      - 4.0.30319
      X-Powered-By:
      - ASP.NET
      Access-Control-Allow-Origin:
      - "*"
      Cf-Cache-Status:
      - DYNAMIC
      Server:
      - cloudflare
      Cf-Ray:
      - 69e8910588a6f2d8-WAW
    body:
      encoding: UTF-8
      string: '{"Response":"False","Error":"Movie not found!"}'
  recorded_at: Mon, 03 Aug 2020 10:00:00 GMT
- request:
    method: get
    uri: http://omdbapi.com/?apikey=apikey&t=90081
    body:
      encoding: US-ASCII
      string: ''
    headers:
      Accept-Encoding:
      - gzip;q=1.0,deflate;q=0.6,identity;q=0.3
      Accept:
      - "*/*"
      User-Agent:
      - Ruby
  response:
    status:
      code: 200
      message: OK
    headers:
      Date:
      - Fri, 15 Oct 2021 11:05:01 GMT
      Content-Type:
      - application/json; charset=utf-8
      Content-Length:
      - '47'
      Connection:
      - keep-alive
      Cache-Control:
      - public, max-age=3265
      Expires:
      - Fri, 15 Oct 2021 11:59:26 GMT
      Last-Modified:
      - Fri, 15 Oct 2021 10:59:26 GMT
      Vary:
      - "*"
      X-Aspnet-Version:
      - 4.0.30319
      X-Powered-By:
      - ASP.NET
      Access-Control-Allow-Origin:
      - "*"
      Cf-Cache-Status:
      - DYNAMIC
      Server:
      - cloudflare
      Cf-Ray:
      - 69e891e56b3cffd0-WAW
    body:
      encoding: UTF-8
      string: '{"Response":"False","Error":"Movie not found!"}'
  recorded_at: Mon, 03 Aug 2020 10:00:00 GMT
- request:
    method: get
    uri: http://omdbapi.com/?apikey=apikey&t=90081
    body:
      encoding: US-ASCII
      string: ''
    headers:
      Accept-Encoding:
      - gzip;q=1.0,deflate;q=0.6,identity;q=0.3
      Accept:
      - "*/*"
      User-Agent:
      - Ruby
  response:
    status:
      code: 200
      message: OK
    headers:
      Date:
      - Fri, 15 Oct 2021 11:22:26 GMT
      Content-Type:
      - application/json; charset=utf-8
      Content-Length:
      - '47'
      Connection:
      - keep-alive
      Cache-Control:
      - public, max-age=1853
      Expires:
      - Fri, 15 Oct 2021 11:53:19 GMT
      Last-Modified:
      - Fri, 15 Oct 2021 10:53:19 GMT
      Vary:
      - "*"
      X-Aspnet-Version:
      - 4.0.30319
      X-Powered-By:
      - ASP.NET
      Access-Control-Allow-Origin:
      - "*"
      Cf-Cache-Status:
      - DYNAMIC
      Server:
      - cloudflare
      Cf-Ray:
      - 69e8ab6a5da40028-WAW
    body:
      encoding: UTF-8
      string: '{"Response":"False","Error":"Movie not found!"}'
  recorded_at: Mon, 03 Aug 2020 10:00:00 GMT
- request:
    method: get
    uri: http://omdbapi.com/?apikey=apikey&t=90081
    body:
      encoding: US-ASCII
      string: ''
    headers:
      Accept-Encoding:
      - gzip;q=1.0,deflate;q=0.6,identity;q=0.3
      Accept:
      - "*/*"
      User-Agent:
      - Ruby
  response:
    status:
      code: 200
      message: OK
    headers:
      Date:
      - Fri, 15 Oct 2021 11:22:27 GMT
      Content-Type:
      - application/json; charset=utf-8
      Content-Length:
      - '47'
      Connection:
      - keep-alive
      Cache-Control:
      - public, max-age=2218
      Expires:
      - Fri, 15 Oct 2021 11:59:26 GMT
      Last-Modified:
      - Fri, 15 Oct 2021 10:59:26 GMT
      Vary:
      - "*"
      X-Aspnet-Version:
      - 4.0.30319
      X-Powered-By:
      - ASP.NET
      Access-Control-Allow-Origin:
      - "*"
      Cf-Cache-Status:
      - DYNAMIC
      Server:
      - cloudflare
      Cf-Ray:
      - 69e8ab713d31f298-WAW
    body:
      encoding: UTF-8
      string: '{"Response":"False","Error":"Movie not found!"}'
  recorded_at: Mon, 03 Aug 2020 10:00:00 GMT
- request:
    method: get
    uri: http://omdbapi.com/?apikey=apikey&t=90081
    body:
      encoding: US-ASCII
      string: ''
    headers:
      Accept-Encoding:
      - gzip;q=1.0,deflate;q=0.6,identity;q=0.3
      Accept:
      - "*/*"
      User-Agent:
      - Ruby
  response:
    status:
      code: 200
      message: OK
    headers:
      Date:
      - Fri, 15 Oct 2021 11:32:53 GMT
      Content-Type:
      - application/json; charset=utf-8
      Content-Length:
      - '47'
      Connection:
      - keep-alive
      Cache-Control:
      - public, max-age=1592
      Expires:
      - Fri, 15 Oct 2021 11:59:26 GMT
      Last-Modified:
      - Fri, 15 Oct 2021 10:59:26 GMT
      Vary:
      - "*"
      X-Aspnet-Version:
      - 4.0.30319
      X-Powered-By:
      - ASP.NET
      Access-Control-Allow-Origin:
      - "*"
      Cf-Cache-Status:
      - DYNAMIC
      Server:
      - cloudflare
      Cf-Ray:
      - 69e8bab9a82cf2d8-WAW
    body:
      encoding: UTF-8
      string: '{"Response":"False","Error":"Movie not found!"}'
  recorded_at: Mon, 03 Aug 2020 10:00:00 GMT
- request:
    method: get
    uri: http://omdbapi.com/?apikey=apikey&t=90081
    body:
      encoding: US-ASCII
      string: ''
    headers:
      Accept-Encoding:
      - gzip;q=1.0,deflate;q=0.6,identity;q=0.3
      Accept:
      - "*/*"
      User-Agent:
      - Ruby
  response:
    status:
      code: 200
      message: OK
    headers:
      Date:
      - Fri, 15 Oct 2021 11:32:54 GMT
      Content-Type:
      - application/json; charset=utf-8
      Content-Length:
      - '47'
      Connection:
      - keep-alive
      Cache-Control:
      - public, max-age=1224
      Expires:
      - Fri, 15 Oct 2021 11:53:19 GMT
      Last-Modified:
      - Fri, 15 Oct 2021 10:53:19 GMT
      Vary:
      - "*"
      X-Aspnet-Version:
      - 4.0.30319
      X-Powered-By:
      - ASP.NET
      Access-Control-Allow-Origin:
      - "*"
      Cf-Cache-Status:
      - DYNAMIC
      Server:
      - cloudflare
      Cf-Ray:
      - 69e8bac09ffe006e-WAW
    body:
      encoding: UTF-8
      string: '{"Response":"False","Error":"Movie not found!"}'
  recorded_at: Mon, 03 Aug 2020 10:00:00 GMT
- request:
    method: get
    uri: http://omdbapi.com/?apikey=apikey&t=90081
    body:
      encoding: US-ASCII
      string: ''
    headers:
      Accept-Encoding:
      - gzip;q=1.0,deflate;q=0.6,identity;q=0.3
      Accept:
      - "*/*"
      User-Agent:
      - Ruby
  response:
    status:
      code: 200
      message: OK
    headers:
      Date:
      - Fri, 15 Oct 2021 11:44:51 GMT
      Content-Type:
      - application/json; charset=utf-8
      Content-Length:
      - '47'
      Connection:
      - keep-alive
      Cache-Control:
      - public, max-age=508
      Expires:
      - Fri, 15 Oct 2021 11:53:19 GMT
      Last-Modified:
      - Fri, 15 Oct 2021 10:53:19 GMT
      Vary:
      - "*"
      X-Aspnet-Version:
      - 4.0.30319
      X-Powered-By:
      - ASP.NET
      Access-Control-Allow-Origin:
      - "*"
      Cf-Cache-Status:
      - DYNAMIC
      Server:
      - cloudflare
      Cf-Ray:
      - 69e8cc426a985012-WAW
    body:
      encoding: UTF-8
      string: '{"Response":"False","Error":"Movie not found!"}'
  recorded_at: Mon, 03 Aug 2020 10:00:00 GMT
- request:
    method: get
    uri: http://omdbapi.com/?apikey=apikey&t=90081
    body:
      encoding: US-ASCII
      string: ''
    headers:
      Accept-Encoding:
      - gzip;q=1.0,deflate;q=0.6,identity;q=0.3
      Accept:
      - "*/*"
      User-Agent:
      - Ruby
  response:
    status:
      code: 200
      message: OK
    headers:
      Date:
      - Fri, 15 Oct 2021 12:34:34 GMT
      Content-Type:
      - application/json; charset=utf-8
      Content-Length:
      - '47'
      Connection:
      - keep-alive
      Cache-Control:
      - public, max-age=3600
      Expires:
      - Fri, 15 Oct 2021 13:34:34 GMT
      Last-Modified:
      - Fri, 15 Oct 2021 12:34:34 GMT
      Vary:
      - "*"
      X-Aspnet-Version:
      - 4.0.30319
      X-Powered-By:
      - ASP.NET
      Access-Control-Allow-Origin:
      - "*"
      Cf-Cache-Status:
      - DYNAMIC
      Server:
      - cloudflare
      Cf-Ray:
      - 69e915125833503c-WAW
    body:
      encoding: UTF-8
      string: '{"Response":"False","Error":"Movie not found!"}'
  recorded_at: Mon, 03 Aug 2020 10:00:00 GMT
- request:
    method: get
    uri: http://omdbapi.com/?apikey=apikey&t=90081
    body:
      encoding: US-ASCII
      string: ''
    headers:
      Accept-Encoding:
      - gzip;q=1.0,deflate;q=0.6,identity;q=0.3
      Accept:
      - "*/*"
      User-Agent:
      - Ruby
  response:
    status:
      code: 200
      message: OK
    headers:
      Date:
      - Fri, 15 Oct 2021 12:34:35 GMT
      Content-Type:
      - application/json; charset=utf-8
      Content-Length:
      - '47'
      Connection:
      - keep-alive
      Cache-Control:
      - public, max-age=3600
      Expires:
      - Fri, 15 Oct 2021 13:34:35 GMT
      Last-Modified:
      - Fri, 15 Oct 2021 12:34:35 GMT
      Vary:
      - "*"
      X-Aspnet-Version:
      - 4.0.30319
      X-Powered-By:
      - ASP.NET
      Access-Control-Allow-Origin:
      - "*"
      Cf-Cache-Status:
      - DYNAMIC
      Server:
      - cloudflare
      Cf-Ray:
      - 69e9151939920017-WAW
    body:
      encoding: UTF-8
      string: '{"Response":"False","Error":"Movie not found!"}'
  recorded_at: Mon, 03 Aug 2020 10:00:00 GMT
recorded_with: VCR 6.0.0
