---
http_interactions:
- request:
    method: get
    uri: http://omdbapi.com/?apikey=apikey&t=Batman
    body:
      encoding: US-ASCII
      string: ''
    headers:
      Accept-Encoding:
      - gzip;q=1.0,deflate;q=0.6,identity;q=0.3
      Accept:
      - "*/*"
      User-Agent:
      - Ruby
  response:
    status:
      code: 200
      message: OK
    headers:
      Date:
      - Fri, 23 Jul 2021 08:06:12 GMT
      Content-Type:
      - application/json; charset=utf-8
      Transfer-Encoding:
      - chunked
      Connection:
      - keep-alive
      Cache-Control:
      - public, max-age=3600
      Expires:
      - Fri, 23 Jul 2021 09:06:12 GMT
      Last-Modified:
      - Fri, 23 Jul 2021 08:06:12 GMT
      Vary:
      - "*"
      X-Aspnet-Version:
      - 4.0.30319
      X-Powered-By:
      - ASP.NET
      Access-Control-Allow-Origin:
      - "*"
      Cf-Cache-Status:
      - DYNAMIC
      Server:
      - cloudflare
      Cf-Ray:
      - 6733687938040028-WAW
    body:
      encoding: ASCII-8BIT
      string: '{"Title":"Batman","Year":"1989","Rated":"PG-13","Released":"23 Jun
        1989","Runtime":"126 min","Genre":"Action, Adventure","Director":"Tim Burton","Writer":"Bob
        Kane, Sam Hamm, Warren Skaaren","Actors":"Michael Keaton, Jack Nicholson,
        Kim Basinger","Plot":"The Dark Knight of Gotham City begins his war on crime
        with his first major enemy being Jack Napier, a criminal who becomes the clownishly
        homicidal Joker.","Language":"English, French, Spanish","Country":"United
        States, United Kingdom","Awards":"Won 1 Oscar. 9 wins & 26 nominations total","Poster":"https://m.media-amazon.com/images/M/MV5BMTYwNjAyODIyMF5BMl5BanBnXkFtZTYwNDMwMDk2._V1_SX300.jpg","Ratings":[{"Source":"Internet
        Movie Database","Value":"7.5/10"},{"Source":"Rotten Tomatoes","Value":"71%"},{"Source":"Metacritic","Value":"69/100"}],"Metascore":"69","imdbRating":"7.5","imdbVotes":"345,938","imdbID":"tt0096895","Type":"movie","DVD":"24
        Jul 2014","BoxOffice":"$251,348,343","Production":"Warner Brothers, PolyGram
        Filmed Entertainment, Guber-Peters Company","Website":"N/A","Response":"True"}'
  recorded_at: Fri, 23 Jul 2021 08:06:13 GMT
- request:
    method: get
    uri: http://omdbapi.com/?apikey=apikey&t=Batman
    body:
      encoding: US-ASCII
      string: ''
    headers:
      Accept-Encoding:
      - gzip;q=1.0,deflate;q=0.6,identity;q=0.3
      Accept:
      - "*/*"
      User-Agent:
      - Ruby
  response:
    status:
      code: 200
      message: OK
    headers:
      Date:
      - Fri, 23 Jul 2021 08:24:04 GMT
      Content-Type:
      - application/json; charset=utf-8
      Transfer-Encoding:
      - chunked
      Connection:
      - keep-alive
      Cache-Control:
      - public, max-age=2323
      Expires:
      - Fri, 23 Jul 2021 09:02:47 GMT
      Last-Modified:
      - Fri, 23 Jul 2021 08:02:47 GMT
      Vary:
      - "*"
      X-Aspnet-Version:
      - 4.0.30319
      X-Powered-By:
      - ASP.NET
      Access-Control-Allow-Origin:
      - "*"
      Cf-Cache-Status:
      - DYNAMIC
      Server:
      - cloudflare
      Cf-Ray:
      - 673382a00ec40054-WAW
    body:
      encoding: ASCII-8BIT
      string: '{"Title":"Batman","Year":"1989","Rated":"PG-13","Released":"23 Jun
        1989","Runtime":"126 min","Genre":"Action, Adventure","Director":"Tim Burton","Writer":"Bob
        Kane, Sam Hamm, Warren Skaaren","Actors":"Michael Keaton, Jack Nicholson,
        Kim Basinger","Plot":"The Dark Knight of Gotham City begins his war on crime
        with his first major enemy being Jack Napier, a criminal who becomes the clownishly
        homicidal Joker.","Language":"English, French, Spanish","Country":"United
        States, United Kingdom","Awards":"Won 1 Oscar. 9 wins & 26 nominations total","Poster":"https://m.media-amazon.com/images/M/MV5BMTYwNjAyODIyMF5BMl5BanBnXkFtZTYwNDMwMDk2._V1_SX300.jpg","Ratings":[{"Source":"Internet
        Movie Database","Value":"7.5/10"},{"Source":"Rotten Tomatoes","Value":"71%"},{"Source":"Metacritic","Value":"69/100"}],"Metascore":"69","imdbRating":"7.5","imdbVotes":"345,938","imdbID":"tt0096895","Type":"movie","DVD":"24
        Jul 2014","BoxOffice":"$251,348,343","Production":"Warner Brothers, PolyGram
        Filmed Entertainment, Guber-Peters Company","Website":"N/A","Response":"True"}'
  recorded_at: Fri, 23 Jul 2021 08:24:04 GMT
- request:
    method: get
    uri: http://omdbapi.com/?apikey=apikey&t=Batman
    body:
      encoding: US-ASCII
      string: ''
    headers:
      Accept-Encoding:
      - gzip;q=1.0,deflate;q=0.6,identity;q=0.3
      Accept:
      - "*/*"
      User-Agent:
      - Ruby
  response:
    status:
      code: 200
      message: OK
    headers:
      Date:
      - Fri, 23 Jul 2021 08:24:37 GMT
      Content-Type:
      - application/json; charset=utf-8
      Transfer-Encoding:
      - chunked
      Connection:
      - keep-alive
      Cache-Control:
      - public, max-age=3600
      Expires:
      - Fri, 23 Jul 2021 09:24:36 GMT
      Last-Modified:
      - Fri, 23 Jul 2021 08:24:36 GMT
      Vary:
      - "*"
      X-Aspnet-Version:
      - 4.0.30319
      X-Powered-By:
      - ASP.NET
      Access-Control-Allow-Origin:
      - "*"
      Cf-Cache-Status:
      - DYNAMIC
      Server:
      - cloudflare
      Cf-Ray:
      - 6733836d696c5024-WAW
    body:
      encoding: ASCII-8BIT
      string: '{"Title":"Batman","Year":"1989","Rated":"PG-13","Released":"23 Jun
        1989","Runtime":"126 min","Genre":"Action, Adventure","Director":"Tim Burton","Writer":"Bob
        Kane, Sam Hamm, Warren Skaaren","Actors":"Michael Keaton, Jack Nicholson,
        Kim Basinger","Plot":"The Dark Knight of Gotham City begins his war on crime
        with his first major enemy being Jack Napier, a criminal who becomes the clownishly
        homicidal Joker.","Language":"English, French, Spanish","Country":"United
        States, United Kingdom","Awards":"Won 1 Oscar. 9 wins & 26 nominations total","Poster":"https://m.media-amazon.com/images/M/MV5BMTYwNjAyODIyMF5BMl5BanBnXkFtZTYwNDMwMDk2._V1_SX300.jpg","Ratings":[{"Source":"Internet
        Movie Database","Value":"7.5/10"},{"Source":"Rotten Tomatoes","Value":"71%"},{"Source":"Metacritic","Value":"69/100"}],"Metascore":"69","imdbRating":"7.5","imdbVotes":"345,938","imdbID":"tt0096895","Type":"movie","DVD":"24
        Jul 2014","BoxOffice":"$251,348,343","Production":"Warner Brothers, PolyGram
        Filmed Entertainment, Guber-Peters Company","Website":"N/A","Response":"True"}'
  recorded_at: Fri, 23 Jul 2021 08:24:36 GMT
- request:
    method: get
    uri: http://omdbapi.com/?apikey=apikey&t=Batman
    body:
      encoding: US-ASCII
      string: ''
    headers:
      Accept-Encoding:
      - gzip;q=1.0,deflate;q=0.6,identity;q=0.3
      Accept:
      - "*/*"
      User-Agent:
      - Ruby
  response:
    status:
      code: 200
      message: OK
    headers:
      Date:
      - Fri, 23 Jul 2021 08:26:06 GMT
      Content-Type:
      - application/json; charset=utf-8
      Transfer-Encoding:
      - chunked
      Connection:
      - keep-alive
      Cache-Control:
      - public, max-age=2201
      Expires:
      - Fri, 23 Jul 2021 09:02:47 GMT
      Last-Modified:
      - Fri, 23 Jul 2021 08:02:47 GMT
      Vary:
      - "*"
      X-Aspnet-Version:
      - 4.0.30319
      X-Powered-By:
      - ASP.NET
      Access-Control-Allow-Origin:
      - "*"
      Cf-Cache-Status:
      - DYNAMIC
      Server:
      - cloudflare
      Cf-Ray:
      - 6733859bea6c004c-WAW
    body:
      encoding: ASCII-8BIT
      string: '{"Title":"Batman","Year":"1989","Rated":"PG-13","Released":"23 Jun
        1989","Runtime":"126 min","Genre":"Action, Adventure","Director":"Tim Burton","Writer":"Bob
        Kane, Sam Hamm, Warren Skaaren","Actors":"Michael Keaton, Jack Nicholson,
        Kim Basinger","Plot":"The Dark Knight of Gotham City begins his war on crime
        with his first major enemy being Jack Napier, a criminal who becomes the clownishly
        homicidal Joker.","Language":"English, French, Spanish","Country":"United
        States, United Kingdom","Awards":"Won 1 Oscar. 9 wins & 26 nominations total","Poster":"https://m.media-amazon.com/images/M/MV5BMTYwNjAyODIyMF5BMl5BanBnXkFtZTYwNDMwMDk2._V1_SX300.jpg","Ratings":[{"Source":"Internet
        Movie Database","Value":"7.5/10"},{"Source":"Rotten Tomatoes","Value":"71%"},{"Source":"Metacritic","Value":"69/100"}],"Metascore":"69","imdbRating":"7.5","imdbVotes":"345,938","imdbID":"tt0096895","Type":"movie","DVD":"24
        Jul 2014","BoxOffice":"$251,348,343","Production":"Warner Brothers, PolyGram
        Filmed Entertainment, Guber-Peters Company","Website":"N/A","Response":"True"}'
  recorded_at: Fri, 23 Jul 2021 08:26:06 GMT
- request:
    method: get
    uri: http://omdbapi.com/?apikey=apikey&t=Batman
    body:
      encoding: US-ASCII
      string: ''
    headers:
      Accept-Encoding:
      - gzip;q=1.0,deflate;q=0.6,identity;q=0.3
      Accept:
      - "*/*"
      User-Agent:
      - Ruby
  response:
    status:
      code: 200
      message: OK
    headers:
      Date:
      - Fri, 23 Jul 2021 08:26:12 GMT
      Content-Type:
      - application/json; charset=utf-8
      Transfer-Encoding:
      - chunked
      Connection:
      - keep-alive
      Cache-Control:
      - public, max-age=2400
      Expires:
      - Fri, 23 Jul 2021 09:06:12 GMT
      Last-Modified:
      - Fri, 23 Jul 2021 08:06:12 GMT
      Vary:
      - "*"
      X-Aspnet-Version:
      - 4.0.30319
      X-Powered-By:
      - ASP.NET
      Access-Control-Allow-Origin:
      - "*"
      Cf-Cache-Status:
      - DYNAMIC
      Server:
      - cloudflare
      Cf-Ray:
      - 673385c3def2163c-WAW
    body:
      encoding: ASCII-8BIT
      string: '{"Title":"Batman","Year":"1989","Rated":"PG-13","Released":"23 Jun
        1989","Runtime":"126 min","Genre":"Action, Adventure","Director":"Tim Burton","Writer":"Bob
        Kane, Sam Hamm, Warren Skaaren","Actors":"Michael Keaton, Jack Nicholson,
        Kim Basinger","Plot":"The Dark Knight of Gotham City begins his war on crime
        with his first major enemy being Jack Napier, a criminal who becomes the clownishly
        homicidal Joker.","Language":"English, French, Spanish","Country":"United
        States, United Kingdom","Awards":"Won 1 Oscar. 9 wins & 26 nominations total","Poster":"https://m.media-amazon.com/images/M/MV5BMTYwNjAyODIyMF5BMl5BanBnXkFtZTYwNDMwMDk2._V1_SX300.jpg","Ratings":[{"Source":"Internet
        Movie Database","Value":"7.5/10"},{"Source":"Rotten Tomatoes","Value":"71%"},{"Source":"Metacritic","Value":"69/100"}],"Metascore":"69","imdbRating":"7.5","imdbVotes":"345,938","imdbID":"tt0096895","Type":"movie","DVD":"24
        Jul 2014","BoxOffice":"$251,348,343","Production":"Warner Brothers, PolyGram
        Filmed Entertainment, Guber-Peters Company","Website":"N/A","Response":"True"}'
  recorded_at: Fri, 23 Jul 2021 08:26:12 GMT
- request:
    method: get
    uri: http://omdbapi.com/?apikey=apikey&t=Batman
    body:
      encoding: US-ASCII
      string: ''
    headers:
      Accept-Encoding:
      - gzip;q=1.0,deflate;q=0.6,identity;q=0.3
      Accept:
      - "*/*"
      User-Agent:
      - Ruby
  response:
    status:
      code: 200
      message: OK
    headers:
      Date:
      - Fri, 23 Jul 2021 08:26:13 GMT
      Content-Type:
      - application/json; charset=utf-8
      Transfer-Encoding:
      - chunked
      Connection:
      - keep-alive
      Cache-Control:
      - public, max-age=3503
      Expires:
      - Fri, 23 Jul 2021 09:24:36 GMT
      Last-Modified:
      - Fri, 23 Jul 2021 08:24:36 GMT
      Vary:
      - "*"
      X-Aspnet-Version:
      - 4.0.30319
      X-Powered-By:
      - ASP.NET
      Access-Control-Allow-Origin:
      - "*"
      Cf-Cache-Status:
      - DYNAMIC
      Server:
      - cloudflare
      Cf-Ray:
      - 673385c6b814ffb8-WAW
    body:
      encoding: ASCII-8BIT
      string: '{"Title":"Batman","Year":"1989","Rated":"PG-13","Released":"23 Jun
        1989","Runtime":"126 min","Genre":"Action, Adventure","Director":"Tim Burton","Writer":"Bob
        Kane, Sam Hamm, Warren Skaaren","Actors":"Michael Keaton, Jack Nicholson,
        Kim Basinger","Plot":"The Dark Knight of Gotham City begins his war on crime
        with his first major enemy being Jack Napier, a criminal who becomes the clownishly
        homicidal Joker.","Language":"English, French, Spanish","Country":"United
        States, United Kingdom","Awards":"Won 1 Oscar. 9 wins & 26 nominations total","Poster":"https://m.media-amazon.com/images/M/MV5BMTYwNjAyODIyMF5BMl5BanBnXkFtZTYwNDMwMDk2._V1_SX300.jpg","Ratings":[{"Source":"Internet
        Movie Database","Value":"7.5/10"},{"Source":"Rotten Tomatoes","Value":"71%"},{"Source":"Metacritic","Value":"69/100"}],"Metascore":"69","imdbRating":"7.5","imdbVotes":"345,938","imdbID":"tt0096895","Type":"movie","DVD":"24
        Jul 2014","BoxOffice":"$251,348,343","Production":"Warner Brothers, PolyGram
        Filmed Entertainment, Guber-Peters Company","Website":"N/A","Response":"True"}'
  recorded_at: Fri, 23 Jul 2021 08:26:13 GMT
- request:
    method: get
    uri: http://omdbapi.com/?apikey=apikey&t=Batman
    body:
      encoding: US-ASCII
      string: ''
    headers:
      Accept-Encoding:
      - gzip;q=1.0,deflate;q=0.6,identity;q=0.3
      Accept:
      - "*/*"
      User-Agent:
      - Ruby
  response:
    status:
      code: 200
      message: OK
    headers:
      Date:
      - Fri, 23 Jul 2021 08:26:14 GMT
      Content-Type:
      - application/json; charset=utf-8
      Transfer-Encoding:
      - chunked
      Connection:
      - keep-alive
      Cache-Control:
      - public, max-age=2193
      Expires:
      - Fri, 23 Jul 2021 09:02:47 GMT
      Last-Modified:
      - Fri, 23 Jul 2021 08:02:47 GMT
      Vary:
      - "*"
      X-Aspnet-Version:
      - 4.0.30319
      X-Powered-By:
      - ASP.NET
      Access-Control-Allow-Origin:
      - "*"
      Cf-Cache-Status:
      - DYNAMIC
      Server:
      - cloudflare
      Cf-Ray:
      - 673385ce5d58f2ac-WAW
    body:
      encoding: ASCII-8BIT
      string: '{"Title":"Batman","Year":"1989","Rated":"PG-13","Released":"23 Jun
        1989","Runtime":"126 min","Genre":"Action, Adventure","Director":"Tim Burton","Writer":"Bob
        Kane, Sam Hamm, Warren Skaaren","Actors":"Michael Keaton, Jack Nicholson,
        Kim Basinger","Plot":"The Dark Knight of Gotham City begins his war on crime
        with his first major enemy being Jack Napier, a criminal who becomes the clownishly
        homicidal Joker.","Language":"English, French, Spanish","Country":"United
        States, United Kingdom","Awards":"Won 1 Oscar. 9 wins & 26 nominations total","Poster":"https://m.media-amazon.com/images/M/MV5BMTYwNjAyODIyMF5BMl5BanBnXkFtZTYwNDMwMDk2._V1_SX300.jpg","Ratings":[{"Source":"Internet
        Movie Database","Value":"7.5/10"},{"Source":"Rotten Tomatoes","Value":"71%"},{"Source":"Metacritic","Value":"69/100"}],"Metascore":"69","imdbRating":"7.5","imdbVotes":"345,938","imdbID":"tt0096895","Type":"movie","DVD":"24
        Jul 2014","BoxOffice":"$251,348,343","Production":"Warner Brothers, PolyGram
        Filmed Entertainment, Guber-Peters Company","Website":"N/A","Response":"True"}'
  recorded_at: Fri, 23 Jul 2021 08:26:14 GMT
recorded_with: VCR 6.0.0
